---
source: src/level.rs
expression: "&level.triangles"
---
[
    [
        42.0,
        274.0,
        0.0,
        49.0,
        144.0,
        0.0,
        141.0,
        146.0,
        0.0,
    ],
    [
        255.0,
        165.0,
        0.0,
        259.0,
        147.0,
        0.0,
        292.0,
        147.0,
        0.0,
    ],
    [
        42.0,
        274.0,
        0.0,
        141.0,
        146.0,
        0.0,
        152.0,
        173.0,
        0.0,
    ],
    [
        241.0,
        186.0,
        0.0,
        255.0,
        165.0,
        0.0,
        292.0,
        147.0,
        0.0,
    ],
    [
        42.0,
        274.0,
        0.0,
        152.0,
        173.0,
        0.0,
        172.0,
        187.0,
        0.0,
    ],
    [
        241.0,
        186.0,
        0.0,
        292.0,
        147.0,
        0.0,
        289.0,
        268.0,
        0.0,
    ],
    [
        289.0,
        268.0,
        0.0,
        42.0,
        274.0,
        0.0,
        172.0,
        187.0,
        0.0,
    ],
    [
        207.0,
        191.0,
        0.0,
        241.0,
        186.0,
        0.0,
        289.0,
        268.0,
        0.0,
    ],
    [
        289.0,
        268.0,
        0.0,
        172.0,
        187.0,
        0.0,
        207.0,
        191.0,
        0.0,
    ],
]
